// Jest Snapshot v1, https://goo.gl/fbAQLP

exports[`Search component renders without crashing 1`] = `ShallowWrapper {}`;
